---
source: crates/termino-tui/src/render/mod.rs
expression: "render_with(&app, 80, 24, &PLAIN)"
---
                                                                                
                                                                                
                                                                                
                                                                                
                                                                                
                                                                                
          [][][]  [][][]  [][]    []      []  [][][]  []    []  [][][]          
            []    []      []  []  [][]  [][]    []    [][]  []  []  []          
            []    [][]    [][]    []  []  []    []    []  [][]  []  []          
            []    []      []  []  []      []    []    []    []  []  []          
            []    [][][]  []  []  []      []  [][][]  []    []  [][][]          
                                                                                
                                   BEST 4321                                    
                                                                                
                                  Space  start                                  
                                  Q Esc  quit
