---
source: crates/termino-tui/src/render/mod.rs
expression: "render(&app, MIN_WIDTH, MIN_HEIGHT)"
---
┌ HOLD ──────┐ ┌───── TERMINO ──────┐ ┌ NEXT ──────┐
│   ##       │ │ . . . .OOOO . . . .│ │       LL   │
│   ######   │ │ . . . . . . . . . .│ │   LLLLLL   │
└────────────┘ │ . . . . . . . . . .│ │            │
               │ . . . . . . . . . .│ │   ZZZZ     │
SCORE          │ . . . . . . . . . .│ │     ZZZZ   │
38             │ . . . . . . . . . .│ │            │
               │ . . . . . . . . . .│ │  IIIIIIII  │
LEVEL 1        │ . . . . . . . . . .│ │            │
LINES 0        │ . . . . . . . . . .│ │            │
               │ . . . . . . . . . .│ │     TT     │
               │ . . . . . . . . . .│ │   TTTTTT   │
               │ . . . . . . . . . .│ │            │
               │ . . . . . . . . . .│ │     TT     │
               │ . . . . . . . . . .│ │   TTTTTT   │
               │ . . . . . . . . . .│ └────────────┘
               │ . . . . . . . . . .│               
               │ . . . .[][] . . . .│               
               │ . . . .[][] . . . .│               
               │ . . . .SSSS . . . .│               
               │ . . .SSSS . . . . .│               
P  pause/help  └────────────────────┘
