---
source: crates/termino-tui/src/render/mod.rs
expression: "render(&app, MIN_WIDTH, MIN_HEIGHT)"
---
"┌───── TERMINO ──────┐                       "
"│ . . .   . . . . . .│ LINES 0               "
"│ . . .       . . . .│                       "
"│ . . .     . . . . .│ Left/Right move       "
"│ . . . .     . . . .│ Down       soft drop  "
"│ . . . . .   . . . .│ Space      hard drop  "
"│ . . .       . . . .│ Up / X     rotate cw  "
"│ . . . .   . . . . .│ Z          rotate ccw "
"│┌──────────────────┐│ P          pause      "
"││     GAME OVER    ││ Q          quit       "
"││                  ││                       "
"││    R  restart    ││                       "
"││      Q  quit     ││                       "
"│└──────────────────┘│                       "
"│ . . . . .   . . . .│                       "
"│ . . .       . . . .│                       "
"│ . . . .     . . . .│                       "
"│ . . .       . . . .│                       "
"│ . . .       . . . .│                       "
"│ . . . .     . . . .│                       "
"│ . . .     . . . . .│                       "
"└────────────────────┘                       "
