---
source: crates/termino-tui/src/render/mod.rs
expression: "render(&app, MIN_WIDTH, MIN_HEIGHT)"
---
┌ HOLD ──────┐ ┌───── TERMINO ──────┐ ┌ NEXT ──────┐
│            │ │ . . .JJ . . . . . .│ │    OOOO    │
│            │ │ . . .JJJJJJ . . . .│ │    OOOO    │
└────────────┘ │ . . .ZZZZ . . . . .│ │            │
               │ . . . .ZZZZ . . . .│ │     SSSS   │
SCORE          │ . . . . .LL . . . .│ │   SSSS     │
226            │ . . .LLLLLL . . . .│ │            │
               │┌──────────────────┐│ │    OOOO    │
LEVEL 1        ││     GAME OVER    ││ │    OOOO    │
LINES 0        ││                  ││ │            │
               ││     SCORE 226    ││ │  IIIIIIII  │
               ││                  ││ │            │
               ││    R  restart    ││ │            │
               ││    Q Esc  quit   ││ │     SSSS   │
               │└──────────────────┘│ │   SSSS     │
               │ . . .LLLLLL . . . .│ └────────────┘
               │ . . . .OOOO . . . .│               
               │ . . .JJOOOO . . . .│               
               │ . . .JJJJJJ . . . .│               
               │ . . . .SSSS . . . .│               
               │ . . .SSSS . . . . .│               
P  pause/help  └────────────────────┘
