---
source: crates/termino-tui/src/render/mod.rs
expression: "render_with(&app, 80, 24, &PLAIN)"
---
                                                                                
                                                                                
                                 ~~~~~~~~~~~~~~                                 
                                 ~:~~:~~~::~~:~                                 
                                 :::.::::::::.:                                 
                                                                                
                                                                                
                                                                                
                                                                                
                                                                                
                                                                                
                            ~~~~~~~~~~~~~~~~~~~~~~~~                            
                            ~%~~~%~~%%~~~.~~%~~~~%~%                            
                            %%o%%%%%%%%o%%%%%%%%.%%%                            
                       ~~~~~~~~~~~~~~~~~~~~~~~~~~~~~~~~~~                       
                       ~##~~#~~~##~~~#~~##~~~#~~#~~~#.#~~                       
                       #.########.########o########o#####                       
                       ############# A d a ##############                       
                       ######.########o########o########.                       
                      ====================================                      
                                                                                
                                                                                
                                                                                
                          Space  skip      Esc  close
