---
source: crates/termino-tui/src/render/mod.rs
expression: "render(&app, MIN_WIDTH, MIN_HEIGHT)"
---
┌ HOLD ──────┐ ┌───── TERMINO ──────┐ ┌ NEXT ──────┐
│            │ │ . . .SSSS . . . . .│ │   JJ       │
│            │ │ . . . . . . . . . .│ │   JJJJJJ   │
└────────────┘ │ . . . . . . . . . .│ │            │
               │ . . . . . . . . . .│ │    OOOO    │
SCORE          │ . . . . . . . . . .│ │    OOOO    │
0              │ . . . . . . . . . .│ │            │
BEST           │ . . . . . . . . . .│ │       LL   │
0              │┌──────────────────┐│ │   LLLLLL   │
               ││     RESTART?     ││ │            │
LEVEL 1        ││                  ││ │   ZZZZ     │
LINES 0        ││   Y Enter  yes   ││ │     ZZZZ   │
               ││   N Esc    no    ││ │            │
               │└──────────────────┘│ │  IIIIIIII  │
               │ . . . . . . . . . .│ │            │
               │ . . . . . . . . . .│ └────────────┘
               │ . . . . . . . . . .│               
               │ . . . . . . . . . .│               
               │ . . . . . . . . . .│               
               │ . . . .[][] . . . .│               
               │ . . .[][] . . . . .│               
P  pause/help  └────────────────────┘
