---
source: crates/termino-tui/src/render/mod.rs
expression: "render(&app, MIN_WIDTH, MIN_HEIGHT)"
---
┌ HOLD ──────┐ ┌───── TERMINO ──────┐ ┌ NEXT ──────┐
│            │ │ . . .SSSS . . . . .│ │   JJ       │
│            │ │ . . . . . . . . . .│ │   JJJJJJ   │
└────────────┘ │┌──────────────────┐│ │            │
               ││      PAUSED      ││ │    OOOO    │
SCORE          ││                  ││ │    OOOO    │
0              ││ Left   move left ││ │            │
               ││ Right  move right││ │       LL   │
LEVEL 1        ││ Down   soft drop ││ │   LLLLLL   │
LINES 0        ││ Space  hard drop ││ │            │
               ││ Up X   rotate    ││ │   ZZZZ     │
               ││ Z      rotate ccw││ │     ZZZZ   │
               ││ C      hold      ││ │            │
               ││ P      resume    ││ │  IIIIIIII  │
               ││ R      restart   ││ │            │
               ││ Q Esc  quit      ││ └────────────┘
               ││                  ││               
               ││ auto-repeat: DAS ││               
               │└──────────────────┘│               
               │ . . . .[][] . . . .│               
               │ . . .[][] . . . . .│               
P  pause/help  └────────────────────┘
